
===========================================================================
 report_power
============================================================================
======================= nom_tt_025C_1v80 Corner ===================================

Group                    Internal    Switching      Leakage        Total
                            Power        Power        Power        Power (Watts)
------------------------------------------------------------------------
Sequential           7.213042e-05 1.067319e-04 1.919193e-10 1.788625e-04  46.6%
Combinational        1.140012e-04 9.110545e-05 3.299189e-10 2.051070e-04  53.4%
Clock                0.000000e+00 0.000000e+00 2.851243e-10 2.851243e-10   0.0%
Macro                0.000000e+00 0.000000e+00 0.000000e+00 0.000000e+00   0.0%
Pad                  0.000000e+00 0.000000e+00 0.000000e+00 0.000000e+00   0.0%
------------------------------------------------------------------------
Total                1.861316e-04 1.978373e-04 8.069626e-10 3.839697e-04 100.0%
                            48.5%        51.5%         0.0%

