
===========================================================================
report_checks -path_delay max (Setup)
============================================================================
======================= max_tt_025C_1v80 Corner ===================================

Startpoint: div_i[1] (input port clocked by clk)
Endpoint: div_ready_o (output port clocked by clk)
Path Group: clk
Path Type: max

Fanout         Cap        Slew       Delay        Time   Description
---------------------------------------------------------------------------------------------
                      0.000000    0.000000    0.000000   clock clk (rise edge)
                                  0.000000    0.000000   clock network delay (ideal)
                                  1.000000    1.000000 ^ input external delay
     1    0.002873    0.020045    0.010618    1.010618 ^ div_i[1] (in)
                                                         div_i[1] (net)
                      0.020045    0.000000    1.010618 ^ input3/A (sky130_fd_sc_hd__buf_1)
     3    0.011089    0.137056    0.137345    1.147964 ^ input3/X (sky130_fd_sc_hd__buf_1)
                                                         net3 (net)
                      0.137060    0.000582    1.148545 ^ _097_/A (sky130_fd_sc_hd__nor3_1)
     2    0.005151    0.055779    0.085288    1.233833 v _097_/Y (sky130_fd_sc_hd__nor3_1)
                                                         _054_ (net)
                      0.055779    0.000276    1.234109 v _098_/B (sky130_fd_sc_hd__or2_1)
     3    0.009647    0.077948    0.245544    1.479653 v _098_/X (sky130_fd_sc_hd__or2_1)
                                                         _055_ (net)
                      0.077949    0.000342    1.479995 v _099_/B (sky130_fd_sc_hd__xor2_1)
     1    0.002435    0.053472    0.146203    1.626198 v _099_/X (sky130_fd_sc_hd__xor2_1)
                                                         _056_ (net)
                      0.053472    0.000113    1.626311 v _100_/D (sky130_fd_sc_hd__or4_4)
     3    0.020070    0.112914    0.462882    2.089194 v _100_/X (sky130_fd_sc_hd__or4_4)
                                                         _057_ (net)
                      0.112914    0.001656    2.090850 v _115_/A1 (sky130_fd_sc_hd__o21bai_4)
     1    0.006276    0.102641    0.160148    2.250998 ^ _115_/Y (sky130_fd_sc_hd__o21bai_4)
                                                         net15 (net)
                      0.102641    0.000466    2.251464 ^ output15/A (sky130_fd_sc_hd__buf_6)
     1    0.034666    0.077559    0.144439    2.395903 ^ output15/X (sky130_fd_sc_hd__buf_6)
                                                         div_ready_o (net)
                      0.077606    0.001763    2.397666 ^ div_ready_o (out)
                                              2.397666   data arrival time

                      0.000000    5.000000    5.000000   clock clk (rise edge)
                                  0.000000    5.000000   clock network delay (ideal)
                                 -0.250000    4.750000   clock uncertainty
                                  0.000000    4.750000   clock reconvergence pessimism
                                 -1.000000    3.750000   output external delay
                                              3.750000   data required time
---------------------------------------------------------------------------------------------
                                              3.750000   data required time
                                             -2.397666   data arrival time
---------------------------------------------------------------------------------------------
                                              1.352334   slack (MET)


Startpoint: clk_i (input port clocked by clk)
Endpoint: clk_o (output port clocked by clk)
Path Group: clk
Path Type: max

Fanout         Cap        Slew       Delay        Time   Description
---------------------------------------------------------------------------------------------
                      0.000000    0.000000    0.000000   clock clk (rise edge)
                                  0.000000    0.000000   clock network delay (ideal)
                                  1.000000    1.000000 v input external delay
     1    0.002710    0.008408    0.004322    1.004322 v clk_i (in)
                                                         clk_i (net)
                      0.008414    0.000000    1.004322 v input1/A (sky130_fd_sc_hd__clkbuf_1)
     2    0.007051    0.049024    0.091825    1.096147 v input1/X (sky130_fd_sc_hd__clkbuf_1)
                                                         net1 (net)
                      0.049025    0.000275    1.096422 v fanout18/A (sky130_fd_sc_hd__buf_2)
    10    0.036685    0.092919    0.183997    1.280419 v fanout18/X (sky130_fd_sc_hd__buf_2)
                                                         net18 (net)
                      0.093320    0.004657    1.285075 v _120_/A0 (sky130_fd_sc_hd__mux2_1)
     3    0.009612    0.087427    0.340193    1.625268 v _120_/X (sky130_fd_sc_hd__mux2_1)
                                                         _002_ (net)
                      0.087428    0.000345    1.625614 v _122_/B (sky130_fd_sc_hd__and2_1)
     1    0.001730    0.030733    0.163003    1.788617 v _122_/X (sky130_fd_sc_hd__and2_1)
                                                         net10 (net)
                      0.030733    0.000079    1.788697 v output10/A (sky130_fd_sc_hd__buf_2)
     1    0.034732    0.091027    0.174024    1.962721 v output10/X (sky130_fd_sc_hd__buf_2)
                                                         clk_o (net)
                      0.091063    0.001670    1.964391 v clk_o (out)
                                              1.964391   data arrival time

                      0.000000    5.000000    5.000000   clock clk (rise edge)
                                  0.000000    5.000000   clock network delay (ideal)
                                 -0.250000    4.750000   clock uncertainty
                                  0.000000    4.750000   clock reconvergence pessimism
                                 -1.000000    3.750000   output external delay
                                              3.750000   data required time
---------------------------------------------------------------------------------------------
                                              3.750000   data required time
                                             -1.964391   data arrival time
---------------------------------------------------------------------------------------------
                                              1.785609   slack (MET)



