
===========================================================================
 report_power
============================================================================
======================= max_tt_025C_1v80 Corner ===================================

Group                    Internal    Switching      Leakage        Total
                            Power        Power        Power        Power (Watts)
------------------------------------------------------------------------
Sequential           7.171286e-05 1.096847e-04 1.919193e-10 1.813978e-04  46.7%
Combinational        1.140292e-04 9.298049e-05 3.299189e-10 2.070100e-04  53.3%
Clock                0.000000e+00 0.000000e+00 2.851243e-10 2.851243e-10   0.0%
Macro                0.000000e+00 0.000000e+00 0.000000e+00 0.000000e+00   0.0%
Pad                  0.000000e+00 0.000000e+00 0.000000e+00 0.000000e+00   0.0%
------------------------------------------------------------------------
Total                1.857421e-04 2.026653e-04 8.069626e-10 3.884081e-04 100.0%
                            47.8%        52.2%         0.0%

