
===========================================================================
 report_power
============================================================================
======================= min_ff_n40C_1v95 Corner ===================================

Group                    Internal    Switching      Leakage        Total
                            Power        Power        Power        Power (Watts)
------------------------------------------------------------------------
Sequential           8.026978e-05 1.231774e-04 3.271573e-10 2.034475e-04  47.0%
Combinational        1.235146e-04 1.060224e-04 5.647071e-10 2.295375e-04  53.0%
Clock                0.000000e+00 0.000000e+00 3.346203e-10 3.346203e-10   0.0%
Macro                0.000000e+00 0.000000e+00 0.000000e+00 0.000000e+00   0.0%
Pad                  0.000000e+00 0.000000e+00 0.000000e+00 0.000000e+00   0.0%
------------------------------------------------------------------------
Total                2.037844e-04 2.291998e-04 1.226486e-09 4.329854e-04 100.0%
                            47.1%        52.9%         0.0%

