
===========================================================================
 report_power
============================================================================
======================= nom_tt_025C_1v80 Corner ===================================

Group                    Internal    Switching      Leakage        Total
                            Power        Power        Power        Power (Watts)
------------------------------------------------------------------------
Sequential           7.407671e-05 9.278784e-05 1.919193e-10 1.668647e-04  45.8%
Combinational        1.139007e-04 8.333174e-05 3.299189e-10 1.972327e-04  54.2%
Clock                0.000000e+00 0.000000e+00 1.166414e-10 1.166414e-10   0.0%
Macro                0.000000e+00 0.000000e+00 0.000000e+00 0.000000e+00   0.0%
Pad                  0.000000e+00 0.000000e+00 0.000000e+00 0.000000e+00   0.0%
------------------------------------------------------------------------
Total                1.879774e-04 1.761196e-04 6.384790e-10 3.640976e-04 100.0%
                            51.6%        48.4%         0.0%
Writing metric power__internal__total: 0.00018797737720888108
Writing metric power__switching__total: 0.00017611960356589407
Writing metric power__leakage__total: 6.384789918989497e-10
Writing metric power__total: 0.0003640976210590452

