Clock: clk
Sources: 
Generated: no
Virtual: yes
Propagated: no
Period: 5.000000

===========================================================================
report_clock_properties
============================================================================
Clock                   Period          Waveform
----------------------------------------------------
clk                   5.000000    0.000000  2.500000

===========================================================================
report_clock_latency
============================================================================
Clock clk
rise -> rise
    min     max
0.000000 0.000000 source latency
1.156553         network latency _158_/CLK
        1.990280 network latency _174_/GATE
---------------
1.156553 1.990280 latency
        0.833727 skew

rise -> fall
    min     max
0.000000 0.000000 source latency
1.087350         network latency _158_/CLK
        1.901327 network latency _160_/CLK
---------------
1.087350 1.901327 latency
        0.813977 skew



===========================================================================
report_clock_min_period
============================================================================
clk period_min = 0.00 fmax = inf
