
===========================================================================
report_checks -path_delay min (Hold)
============================================================================
======================= nom_ff_n40C_1v95 Corner ===================================

Startpoint: div_valid_i (input port clocked by clk)
Endpoint: div_ready_o (output port clocked by clk)
Path Group: clk
Path Type: min

Fanout         Cap        Slew       Delay        Time   Description
---------------------------------------------------------------------------------------------
                      0.000000    0.000000    0.000000   clock clk (rise edge)
                                  0.000000    0.000000   clock network delay (ideal)
                                  1.000000    1.000000 v input external delay
     4    0.009609    0.015809    0.009401    1.009401 v div_valid_i (in)
                                                         div_valid_i (net)
                      0.015809    0.000000    1.009401 v _101_/C_N (sky130_fd_sc_hd__or3b_2)
     1    0.004724    0.031402    0.121243    1.130644 ^ _101_/X (sky130_fd_sc_hd__or3b_2)
                                                         _058_ (net)
                      0.031402    0.000000    1.130644 ^ _115_/A2 (sky130_fd_sc_hd__o21bai_2)
     1    0.033442    0.082522    0.088069    1.218713 v _115_/Y (sky130_fd_sc_hd__o21bai_2)
                                                         div_ready_o (net)
                      0.082522    0.000000    1.218713 v div_ready_o (out)
                                              1.218713   data arrival time

                      0.000000    0.000000    0.000000   clock clk (rise edge)
                                  0.000000    0.000000   clock network delay (ideal)
                                  0.250000    0.250000   clock uncertainty
                                  0.000000    0.250000   clock reconvergence pessimism
                                 -1.000000   -0.750000   output external delay
                                             -0.750000   data required time
---------------------------------------------------------------------------------------------
                                             -0.750000   data required time
                                             -1.218713   data arrival time
---------------------------------------------------------------------------------------------
                                              1.968713   slack (MET)


Startpoint: test_mode_en_i (input port clocked by clk)
Endpoint: clk_o (output port clocked by clk)
Path Group: clk
Path Type: min

Fanout         Cap        Slew       Delay        Time   Description
---------------------------------------------------------------------------------------------
                      0.000000    0.000000    0.000000   clock clk (rise edge)
                                  0.000000    0.000000   clock network delay (ideal)
                                  1.000000    1.000000 v input external delay
     2    0.005651    0.009347    0.004958    1.004958 v test_mode_en_i (in)
                                                         test_mode_en_i (net)
                      0.009347    0.000000    1.004958 v _117_/B (sky130_fd_sc_hd__nor2_2)
     1    0.003686    0.050866    0.044972    1.049930 ^ _117_/Y (sky130_fd_sc_hd__nor2_2)
                                                         _070_ (net)
                      0.050866    0.000000    1.049930 ^ _120_/S (sky130_fd_sc_hd__mux2_1)
     3    0.008235    0.063327    0.107437    1.157367 ^ _120_/X (sky130_fd_sc_hd__mux2_1)
                                                         _002_ (net)
                      0.063327    0.000000    1.157367 ^ _122_/B (sky130_fd_sc_hd__and2_2)
     1    0.033442    0.134807    0.168645    1.326011 ^ _122_/X (sky130_fd_sc_hd__and2_2)
                                                         clk_o (net)
                      0.134807    0.000000    1.326011 ^ clk_o (out)
                                              1.326011   data arrival time

                      0.000000    0.000000    0.000000   clock clk (rise edge)
                                  0.000000    0.000000   clock network delay (ideal)
                                  0.250000    0.250000   clock uncertainty
                                  0.000000    0.250000   clock reconvergence pessimism
                                 -1.000000   -0.750000   output external delay
                                             -0.750000   data required time
---------------------------------------------------------------------------------------------
                                             -0.750000   data required time
                                             -1.326011   data arrival time
---------------------------------------------------------------------------------------------
                                              2.076011   slack (MET)



