
===========================================================================
 report_power
============================================================================
======================= nom_ff_n40C_1v95 Corner ===================================

Group                    Internal    Switching      Leakage        Total
                            Power        Power        Power        Power (Watts)
------------------------------------------------------------------------
Sequential           6.543291e-05 1.872678e-04 3.301641e-10 2.527011e-04  50.9%
Combinational        1.556246e-04 8.851587e-05 7.320101e-10 2.441412e-04  49.1%
Clock                0.000000e+00 0.000000e+00 0.000000e+00 0.000000e+00   0.0%
Macro                0.000000e+00 0.000000e+00 0.000000e+00 0.000000e+00   0.0%
Pad                  0.000000e+00 0.000000e+00 0.000000e+00 0.000000e+00   0.0%
------------------------------------------------------------------------
Total                2.210575e-04 2.757838e-04 1.062174e-09 4.968423e-04 100.0%
                            44.5%        55.5%         0.0%

