
===========================================================================
report_checks -unconstrained
===========================================================================
======================= nom_tt_025C_1v80 Corner ===================================

Startpoint: div_i[1] (input port clocked by clk)
Endpoint: div_ready_o (output port clocked by clk)
Path Group: clk
Path Type: max

Fanout         Cap        Slew       Delay        Time   Description
---------------------------------------------------------------------------------------------
                      0.000000    0.000000    0.000000   clock clk (rise edge)
                                  0.000000    0.000000   clock network delay (ideal)
                                  1.000000    1.000000 ^ input external delay
     1    0.002753    0.019530    0.010126    1.010126 ^ div_i[1] (in)
                                                         div_i[1] (net)
                      0.019530    0.000000    1.010126 ^ input3/A (sky130_fd_sc_hd__buf_1)
     3    0.009847    0.125937    0.127794    1.137920 ^ input3/X (sky130_fd_sc_hd__buf_1)
                                                         net3 (net)
                      0.125937    0.000025    1.137945 ^ _097_/A (sky130_fd_sc_hd__nor3_1)
     2    0.004008    0.049930    0.077361    1.215307 v _097_/Y (sky130_fd_sc_hd__nor3_1)
                                                         _054_ (net)
                      0.049930    0.000014    1.215320 v _098_/B (sky130_fd_sc_hd__or2_1)
     3    0.008686    0.076650    0.238946    1.454266 v _098_/X (sky130_fd_sc_hd__or2_1)
                                                         _055_ (net)
                      0.076650    0.000011    1.454277 v _099_/B (sky130_fd_sc_hd__xor2_1)
     1    0.001470    0.045594    0.140053    1.594330 v _099_/X (sky130_fd_sc_hd__xor2_1)
                                                         _056_ (net)
                      0.045594    0.000001    1.594331 v _100_/D (sky130_fd_sc_hd__or4_1)
     3    0.009686    0.126648    0.456546    2.050877 v _100_/X (sky130_fd_sc_hd__or4_1)
                                                         _057_ (net)
                      0.126648    0.000086    2.050963 v _115_/A1 (sky130_fd_sc_hd__o21bai_1)
     1    0.002645    0.105654    0.158624    2.209588 ^ _115_/Y (sky130_fd_sc_hd__o21bai_1)
                                                         net15 (net)
                      0.105654    0.000012    2.209599 ^ output15/A (sky130_fd_sc_hd__buf_2)
     1    0.034271    0.170407    0.220806    2.430406 ^ output15/X (sky130_fd_sc_hd__buf_2)
                                                         div_ready_o (net)
                      0.170407    0.000148    2.430553 ^ div_ready_o (out)
                                              2.430553   data arrival time

                      0.000000    5.000000    5.000000   clock clk (rise edge)
                                  0.000000    5.000000   clock network delay (ideal)
                                 -0.250000    4.750000   clock uncertainty
                                  0.000000    4.750000   clock reconvergence pessimism
                                 -1.000000    3.750000   output external delay
                                              3.750000   data required time
---------------------------------------------------------------------------------------------
                                              3.750000   data required time
                                             -2.430553   data arrival time
---------------------------------------------------------------------------------------------
                                              1.319447   slack (MET)




===========================================================================
report_checks --slack_max -0.01
============================================================================
======================= nom_tt_025C_1v80 Corner ===================================

No paths found.


===========================================================================
 report_check_types -max_slew -max_cap -max_fanout -violators
============================================================================
======================= nom_tt_025C_1v80 Corner ===================================



===========================================================================
report_parasitic_annotation -report_unannotated
============================================================================
Found 0 unannotated drivers.
Found 0 partially unannotated drivers.

===========================================================================
max slew violation count 0
Writing metric design__max_slew_violation__count__corner:nom_tt_025C_1v80: 0
max fanout violation count 0
Writing metric design__max_fanout_violation__count__corner:nom_tt_025C_1v80: 0
max cap violation count 0
Writing metric design__max_cap_violation__count__corner:nom_tt_025C_1v80: 0
============================================================================

===========================================================================
check_setup -verbose -unconstrained_endpoints -multiple_clock -no_clock -no_input_delay -loops -generated_clocks
===========================================================================
Warning: There are 17 unclocked register/latch pins.
  _158_/CLK
  _159_/CLK
  _160_/CLK
  _161_/CLK
  _162_/CLK
  _163_/CLK
  _164_/CLK
  _165_/CLK
  _166_/CLK
  _167_/CLK
  _168_/CLK
  _169_/CLK
  _170_/CLK
  _171_/CLK
  _172_/CLK
  _173_/CLK
  _174_/GATE
Warning: There are 21 unconstrained endpoints.
  cycl_count_o[0]
  cycl_count_o[1]
  cycl_count_o[2]
  cycl_count_o[3]
  _158_/D
  _159_/D
  _160_/D
  _161_/D
  _162_/D
  _163_/D
  _164_/D
  _165_/D
  _166_/D
  _167_/D
  _168_/D
  _169_/D
  _170_/D
  _171_/D
  _172_/D
  _173_/D
  _174_/D
