Clock: clk
Sources: 
Generated: no
Virtual: yes
Propagated: no
Period: 5.000000

===========================================================================
report_clock_properties
============================================================================
Clock                   Period          Waveform
----------------------------------------------------
clk                   5.000000    0.000000  2.500000

===========================================================================
report_clock_latency
============================================================================
Clock clk
rise -> rise
    min     max
0.000000 0.000000 source latency
1.595832         network latency _163_/CLK
        2.395280 network latency _174_/GATE
---------------
1.595832 2.395280 latency
        0.799448 skew

rise -> fall
    min     max
0.000000 0.000000 source latency
1.541691         network latency _169_/CLK
        2.300193 network latency _160_/CLK
---------------
1.541691 2.300193 latency
        0.758502 skew



===========================================================================
report_clock_min_period
============================================================================
clk period_min = 0.00 fmax = inf
