
===========================================================================
report_checks -unconstrained
===========================================================================
======================= nom_ff_n40C_1v95 Corner ===================================

Startpoint: div_i[1] (input port clocked by clk)
Endpoint: div_ready_o (output port clocked by clk)
Path Group: clk
Path Type: max

Fanout         Cap        Slew       Delay        Time   Description
---------------------------------------------------------------------------------------------
                      0.000000    0.000000    0.000000   clock clk (rise edge)
                                  0.000000    0.000000   clock network delay (ideal)
                                  1.000000    1.000000 ^ input external delay
     1    0.002895    0.014254    0.007489    1.007489 ^ div_i[1] (in)
                                                         div_i[1] (net)
                      0.014254    0.000000    1.007489 ^ input3/A (sky130_fd_sc_hd__buf_1)
     3    0.010953    0.100649    0.095517    1.103006 ^ input3/X (sky130_fd_sc_hd__buf_1)
                                                         net3 (net)
                      0.100650    0.000242    1.103248 ^ _097_/A (sky130_fd_sc_hd__nor3_1)
     2    0.005109    0.042824    0.048034    1.151283 v _097_/Y (sky130_fd_sc_hd__nor3_1)
                                                         _054_ (net)
                      0.042825    0.000115    1.151397 v _098_/B (sky130_fd_sc_hd__or2_1)
     3    0.009627    0.054730    0.149528    1.300925 v _098_/X (sky130_fd_sc_hd__or2_1)
                                                         _055_ (net)
                      0.054730    0.000151    1.301076 v _099_/B (sky130_fd_sc_hd__xor2_1)
     1    0.002407    0.039721    0.091315    1.392391 v _099_/X (sky130_fd_sc_hd__xor2_1)
                                                         _056_ (net)
                      0.039721    0.000048    1.392439 v _100_/D (sky130_fd_sc_hd__or4_4)
     3    0.019493    0.077690    0.273769    1.666208 v _100_/X (sky130_fd_sc_hd__or4_4)
                                                         _057_ (net)
                      0.077690    0.000877    1.667085 v _115_/A1 (sky130_fd_sc_hd__o21bai_4)
     1    0.006149    0.076891    0.107689    1.774773 ^ _115_/Y (sky130_fd_sc_hd__o21bai_4)
                                                         net15 (net)
                      0.076891    0.000208    1.774981 ^ output15/A (sky130_fd_sc_hd__buf_6)
     1    0.034552    0.058029    0.094717    1.869698 ^ output15/X (sky130_fd_sc_hd__buf_6)
                                                         div_ready_o (net)
                      0.058038    0.000747    1.870445 ^ div_ready_o (out)
                                              1.870445   data arrival time

                      0.000000    5.000000    5.000000   clock clk (rise edge)
                                  0.000000    5.000000   clock network delay (ideal)
                                 -0.250000    4.750000   clock uncertainty
                                  0.000000    4.750000   clock reconvergence pessimism
                                 -1.000000    3.750000   output external delay
                                              3.750000   data required time
---------------------------------------------------------------------------------------------
                                              3.750000   data required time
                                             -1.870445   data arrival time
---------------------------------------------------------------------------------------------
                                              1.879555   slack (MET)




===========================================================================
report_checks --slack_max -0.01
============================================================================
======================= nom_ff_n40C_1v95 Corner ===================================

No paths found.


===========================================================================
 report_check_types -max_slew -max_cap -max_fanout -violators
============================================================================
======================= nom_ff_n40C_1v95 Corner ===================================



===========================================================================
report_parasitic_annotation -report_unannotated
============================================================================
Found 0 unannotated drivers.
Found 0 partially unannotated drivers.

===========================================================================
max slew violation count 0
max fanout violation count 0
max cap violation count 0
============================================================================

===========================================================================
check_setup -verbose -unconstrained_endpoints -multiple_clock -no_clock -no_input_delay -loops -generated_clocks
===========================================================================
Warning: There are 17 unclocked register/latch pins.
  _158_/CLK
  _159_/CLK
  _160_/CLK
  _161_/CLK
  _162_/CLK
  _163_/CLK
  _164_/CLK
  _165_/CLK
  _166_/CLK
  _167_/CLK
  _168_/CLK
  _169_/CLK
  _170_/CLK
  _171_/CLK
  _172_/CLK
  _173_/CLK
  _174_/GATE
Warning: There are 21 unconstrained endpoints.
  cycl_count_o[0]
  cycl_count_o[1]
  cycl_count_o[2]
  cycl_count_o[3]
  _158_/D
  _159_/D
  _160_/D
  _161_/D
  _162_/D
  _163_/D
  _164_/D
  _165_/D
  _166_/D
  _167_/D
  _168_/D
  _169_/D
  _170_/D
  _171_/D
  _172_/D
  _173_/D
  _174_/D
