
===========================================================================
 report_power
============================================================================
======================= nom_ff_n40C_1v95 Corner ===================================

Group                    Internal    Switching      Leakage        Total
                            Power        Power        Power        Power (Watts)
------------------------------------------------------------------------
Sequential           7.980103e-05 1.265375e-04 3.271573e-10 2.063389e-04  47.1%
Combinational        1.235739e-04 1.082037e-04 5.647071e-10 2.317782e-04  52.9%
Clock                0.000000e+00 0.000000e+00 3.346203e-10 3.346203e-10   0.0%
Macro                0.000000e+00 0.000000e+00 0.000000e+00 0.000000e+00   0.0%
Pad                  0.000000e+00 0.000000e+00 0.000000e+00 0.000000e+00   0.0%
------------------------------------------------------------------------
Total                2.033749e-04 2.347413e-04 1.226486e-09 4.381174e-04 100.0%
                            46.4%        53.6%         0.0%

