
===========================================================================
report_checks -unconstrained
===========================================================================
======================= max_ff_n40C_1v95 Corner ===================================

Startpoint: div_i[1] (input port clocked by clk)
Endpoint: div_ready_o (output port clocked by clk)
Path Group: clk
Path Type: max

Fanout         Cap        Slew       Delay        Time   Description
---------------------------------------------------------------------------------------------
                      0.000000    0.000000    0.000000   clock clk (rise edge)
                                  0.000000    0.000000   clock network delay (ideal)
                                  1.000000    1.000000 ^ input external delay
     1    0.002940    0.014420    0.007649    1.007649 ^ div_i[1] (in)
                                                         div_i[1] (net)
                      0.014421    0.000000    1.007649 ^ input3/A (sky130_fd_sc_hd__buf_1)
     3    0.011175    0.102582    0.096632    1.104281 ^ input3/X (sky130_fd_sc_hd__buf_1)
                                                         net3 (net)
                      0.102586    0.000585    1.104867 ^ _097_/A (sky130_fd_sc_hd__nor3_1)
     2    0.005326    0.043892    0.049070    1.153936 v _097_/Y (sky130_fd_sc_hd__nor3_1)
                                                         _054_ (net)
                      0.043893    0.000287    1.154223 v _098_/B (sky130_fd_sc_hd__or2_1)
     3    0.009798    0.055092    0.150359    1.304582 v _098_/X (sky130_fd_sc_hd__or2_1)
                                                         _055_ (net)
                      0.055093    0.000345    1.304927 v _099_/B (sky130_fd_sc_hd__xor2_1)
     1    0.002428    0.040141    0.091519    1.396446 v _099_/X (sky130_fd_sc_hd__xor2_1)
                                                         _056_ (net)
                      0.040141    0.000113    1.396559 v _100_/D (sky130_fd_sc_hd__or4_4)
     3    0.020076    0.078277    0.274490    1.671049 v _100_/X (sky130_fd_sc_hd__or4_4)
                                                         _057_ (net)
                      0.078278    0.001657    1.672705 v _115_/A1 (sky130_fd_sc_hd__o21bai_4)
     1    0.006330    0.077597    0.108431    1.781137 ^ _115_/Y (sky130_fd_sc_hd__o21bai_4)
                                                         net15 (net)
                      0.077597    0.000471    1.781608 ^ output15/A (sky130_fd_sc_hd__buf_6)
     1    0.034666    0.058368    0.094323    1.875931 ^ output15/X (sky130_fd_sc_hd__buf_6)
                                                         div_ready_o (net)
                      0.058480    0.001761    1.877692 ^ div_ready_o (out)
                                              1.877692   data arrival time

                      0.000000    5.000000    5.000000   clock clk (rise edge)
                                  0.000000    5.000000   clock network delay (ideal)
                                 -0.250000    4.750000   clock uncertainty
                                  0.000000    4.750000   clock reconvergence pessimism
                                 -1.000000    3.750000   output external delay
                                              3.750000   data required time
---------------------------------------------------------------------------------------------
                                              3.750000   data required time
                                             -1.877692   data arrival time
---------------------------------------------------------------------------------------------
                                              1.872307   slack (MET)




===========================================================================
report_checks --slack_max -0.01
============================================================================
======================= max_ff_n40C_1v95 Corner ===================================

No paths found.


===========================================================================
 report_check_types -max_slew -max_cap -max_fanout -violators
============================================================================
======================= max_ff_n40C_1v95 Corner ===================================



===========================================================================
report_parasitic_annotation -report_unannotated
============================================================================
Found 0 unannotated drivers.
Found 0 partially unannotated drivers.

===========================================================================
max slew violation count 0
max fanout violation count 0
max cap violation count 0
============================================================================

===========================================================================
check_setup -verbose -unconstrained_endpoints -multiple_clock -no_clock -no_input_delay -loops -generated_clocks
===========================================================================
Warning: There are 17 unclocked register/latch pins.
  _158_/CLK
  _159_/CLK
  _160_/CLK
  _161_/CLK
  _162_/CLK
  _163_/CLK
  _164_/CLK
  _165_/CLK
  _166_/CLK
  _167_/CLK
  _168_/CLK
  _169_/CLK
  _170_/CLK
  _171_/CLK
  _172_/CLK
  _173_/CLK
  _174_/GATE
Warning: There are 21 unconstrained endpoints.
  cycl_count_o[0]
  cycl_count_o[1]
  cycl_count_o[2]
  cycl_count_o[3]
  _158_/D
  _159_/D
  _160_/D
  _161_/D
  _162_/D
  _163_/D
  _164_/D
  _165_/D
  _166_/D
  _167_/D
  _168_/D
  _169_/D
  _170_/D
  _171_/D
  _172_/D
  _173_/D
  _174_/D
