
===========================================================================
report_checks -path_delay min (Hold)
============================================================================
======================= max_ff_n40C_1v95 Corner ===================================

Startpoint: div_valid_i (input port clocked by clk)
Endpoint: div_ready_o (output port clocked by clk)
Path Group: clk
Path Type: min

Fanout         Cap        Slew       Delay        Time   Description
---------------------------------------------------------------------------------------------
                      0.000000    0.000000    0.000000   clock clk (rise edge)
                                  0.000000    0.000000   clock network delay (ideal)
                                  1.000000    1.000000 v input external delay
     1    0.003169    0.005256    0.002648    1.002648 v div_valid_i (in)
                                                         div_valid_i (net)
                      0.005264    0.000000    1.002648 v input6/A (sky130_fd_sc_hd__buf_1)
     4    0.010882    0.047075    0.071839    1.074487 v input6/X (sky130_fd_sc_hd__buf_1)
                                                         net6 (net)
                      0.047076    0.000289    1.074776 v _101_/C_N (sky130_fd_sc_hd__or3b_1)
     1    0.009664    0.072256    0.141030    1.215806 ^ _101_/X (sky130_fd_sc_hd__or3b_1)
                                                         _058_ (net)
                      0.072263    0.000746    1.216552 ^ _115_/A2 (sky130_fd_sc_hd__o21bai_4)
     1    0.005842    0.024035    0.033754    1.250306 v _115_/Y (sky130_fd_sc_hd__o21bai_4)
                                                         net15 (net)
                      0.024037    0.000429    1.250735 v output15/A (sky130_fd_sc_hd__buf_6)
     1    0.034666    0.032594    0.087228    1.337962 v output15/X (sky130_fd_sc_hd__buf_6)
                                                         div_ready_o (net)
                      0.032776    0.001757    1.339720 v div_ready_o (out)
                                              1.339720   data arrival time

                      0.000000    0.000000    0.000000   clock clk (rise edge)
                                  0.000000    0.000000   clock network delay (ideal)
                                  0.250000    0.250000   clock uncertainty
                                  0.000000    0.250000   clock reconvergence pessimism
                                 -1.000000   -0.750000   output external delay
                                             -0.750000   data required time
---------------------------------------------------------------------------------------------
                                             -0.750000   data required time
                                             -1.339720   data arrival time
---------------------------------------------------------------------------------------------
                                              2.089720   slack (MET)


Startpoint: test_mode_en_i (input port clocked by clk)
Endpoint: clk_o (output port clocked by clk)
Path Group: clk
Path Type: min

Fanout         Cap        Slew       Delay        Time   Description
---------------------------------------------------------------------------------------------
                      0.000000    0.000000    0.000000   clock clk (rise edge)
                                  0.000000    0.000000   clock network delay (ideal)
                                  1.000000    1.000000 v input external delay
     1    0.002967    0.004958    0.002464    1.002464 v test_mode_en_i (in)
                                                         test_mode_en_i (net)
                      0.004966    0.000000    1.002464 v input9/A (sky130_fd_sc_hd__clkbuf_1)
     2    0.004829    0.025415    0.053285    1.055749 v input9/X (sky130_fd_sc_hd__clkbuf_1)
                                                         net9 (net)
                      0.025418    0.000270    1.056019 v _117_/B (sky130_fd_sc_hd__nor2_1)
     1    0.004394    0.071297    0.066776    1.122795 ^ _117_/Y (sky130_fd_sc_hd__nor2_1)
                                                         _070_ (net)
                      0.071298    0.000215    1.123011 ^ _120_/S (sky130_fd_sc_hd__mux2_1)
     3    0.010457    0.075377    0.121666    1.244676 ^ _120_/X (sky130_fd_sc_hd__mux2_1)
                                                         _002_ (net)
                      0.075377    0.000380    1.245056 ^ _122_/B (sky130_fd_sc_hd__and2_1)
     1    0.001961    0.027330    0.076210    1.321266 ^ _122_/X (sky130_fd_sc_hd__and2_1)
                                                         net10 (net)
                      0.027330    0.000090    1.321356 ^ output10/A (sky130_fd_sc_hd__buf_2)
     1    0.034732    0.129587    0.136624    1.457980 ^ output10/X (sky130_fd_sc_hd__buf_2)
                                                         clk_o (net)
                      0.129618    0.001671    1.459651 ^ clk_o (out)
                                              1.459651   data arrival time

                      0.000000    0.000000    0.000000   clock clk (rise edge)
                                  0.000000    0.000000   clock network delay (ideal)
                                  0.250000    0.250000   clock uncertainty
                                  0.000000    0.250000   clock reconvergence pessimism
                                 -1.000000   -0.750000   output external delay
                                             -0.750000   data required time
---------------------------------------------------------------------------------------------
                                             -0.750000   data required time
                                             -1.459651   data arrival time
---------------------------------------------------------------------------------------------
                                              2.209651   slack (MET)



