
===========================================================================
 report_power
============================================================================
======================= max_ff_n40C_1v95 Corner ===================================

Group                    Internal    Switching      Leakage        Total
                            Power        Power        Power        Power (Watts)
------------------------------------------------------------------------
Sequential           7.928535e-05 1.300030e-04 3.271573e-10 2.092887e-04  47.2%
Combinational        1.236441e-04 1.104043e-04 5.647071e-10 2.340490e-04  52.8%
Clock                0.000000e+00 0.000000e+00 3.346203e-10 3.346203e-10   0.0%
Macro                0.000000e+00 0.000000e+00 0.000000e+00 0.000000e+00   0.0%
Pad                  0.000000e+00 0.000000e+00 0.000000e+00 0.000000e+00   0.0%
------------------------------------------------------------------------
Total                2.029294e-04 2.404073e-04 1.226486e-09 4.433379e-04 100.0%
                            45.8%        54.2%         0.0%

