
===========================================================================
 report_power
============================================================================
======================= nom_tt_025C_1v80 Corner ===================================

Group                    Internal    Switching      Leakage        Total
                            Power        Power        Power        Power (Watts)
------------------------------------------------------------------------
Sequential           5.738010e-05 1.740419e-04 1.850263e-10 2.314222e-04  50.8%
Combinational        1.418420e-04 8.257834e-05 2.983769e-10 2.244207e-04  49.2%
Clock                0.000000e+00 0.000000e+00 1.166414e-10 1.166414e-10   0.0%
Macro                0.000000e+00 0.000000e+00 0.000000e+00 0.000000e+00   0.0%
Pad                  0.000000e+00 0.000000e+00 0.000000e+00 0.000000e+00   0.0%
------------------------------------------------------------------------
Total                1.992221e-04 2.566202e-04 6.000440e-10 4.558430e-04 100.0%
                            43.7%        56.3%         0.0%
Writing metric power__internal__total: 0.0001992221368709579
Writing metric power__switching__total: 0.0002566202310845256
Writing metric power__leakage__total: 6.000439589648465e-10
Writing metric power__total: 0.00045584296458400786

